{
  _type: 'element',
  tags: null,
  links: null,
  _stage: 'layouted',
  sourcePath: 'ai-workflow-portfolio.c4',
  description: {
    md: 'C4-language version of the README/source-map image: Raycast starts the\ncommand, FastAPI bridges the legacy dashboard, Supabase owns durable truth,\nand Prospect Web shows the cleaned workflow.',
  },
  title: 'AI Workflow Portfolio README Map',
  id: 'ai_workflow_readme_map',
  autoLayout: {
    direction: 'TB',
  },
  hash: 'vepqmJdpwyIulW0CqDuRhFiQYhcj85U76bM5KmiKZu4',
  bounds: {
    x: -13,
    y: 28,
    width: 917,
    height: 1196,
  },
  nodes: [
    {
      id: 'portfolioOperator',
      parent: null,
      level: 0,
      children: [],
      inEdges: [],
      outEdges: [
        '135j7yz',
      ],
      title: 'Operator',
      modelRef: 'portfolioOperator',
      shape: 'person',
      color: 'amber',
      style: {
        opacity: 15,
        size: 'md',
      },
      description: {
        md: 'The working user. Uses the command surface to move practical operations\nworkflow steps without repeatedly clicking through scattered dashboard\nscreens.',
      },
      tags: [],
      kind: 'person',
      x: 274,
      y: 48,
      width: 362,
      height: 180,
      labelBBox: {
        x: 18,
        y: 29,
        width: 327,
        height: 119,
      },
      navigateTo: null,
      links: null,
    },
    {
      id: 'aiWorkflowSystem',
      parent: null,
      level: 0,
      children: [
        'aiWorkflowSystem.raycastCommands',
        'aiWorkflowSystem.prospectWeb',
        'aiWorkflowSystem.fastApiBridge',
        'aiWorkflowSystem.legacyLaravel',
        'aiWorkflowSystem.supabaseTruth',
      ],
      inEdges: [
        '135j7yz',
      ],
      outEdges: [],
      title: 'Prospect ID Workflow System',
      modelRef: 'aiWorkflowSystem',
      shape: 'rectangle',
      color: 'muted',
      style: {
        opacity: 5,
        size: 'md',
        border: 'dashed',
      },
      description: {
        md: 'Command UI, legacy-system adapter work, source-of-truth cleanup, and audit\ntests for a practical operations workflow.',
      },
      tags: [],
      kind: 'component',
      depth: 1,
      x: 7,
      y: 276,
      width: 877,
      height: 928,
      labelBBox: {
        x: 6,
        y: 0,
        width: 197,
        height: 15,
      },
      navigateTo: null,
      links: null,
    },
    {
      id: 'aiWorkflowSystem.raycastCommands',
      parent: 'aiWorkflowSystem',
      level: 1,
      children: [],
      inEdges: [
        '135j7yz',
      ],
      outEdges: [
        'pbl48m',
      ],
      title: 'Raycast Commands',
      modelRef: 'aiWorkflowSystem.raycastCommands',
      shape: 'component',
      color: 'red',
      style: {
        opacity: 15,
        size: 'md',
      },
      description: {
        md: 'Command UI for Scout Prep, Set Meetings, Client Messages, and video\nworkflow commands. Commands are buttons.',
      },
      tags: [],
      kind: 'action',
      x: 49,
      y: 336,
      width: 384,
      height: 180,
      labelBBox: {
        x: 38,
        y: 47,
        width: 308,
        height: 83,
      },
      navigateTo: null,
      links: null,
    },
    {
      id: 'aiWorkflowSystem.prospectWeb',
      parent: 'aiWorkflowSystem',
      level: 1,
      children: [],
      inEdges: [],
      outEdges: [
        'wrky97',
      ],
      title: 'Vercel / Prospect Web',
      modelRef: 'aiWorkflowSystem.prospectWeb',
      shape: 'browser',
      color: 'blue',
      style: {
        opacity: 15,
        size: 'md',
      },
      description: {
        md: 'Public and mobile review surface that reads cleaned workflow data outside\nthe Raycast command window.',
      },
      tags: [],
      kind: 'browser',
      x: 504,
      y: 336,
      width: 338,
      height: 180,
      labelBBox: {
        x: 22,
        y: 47,
        width: 294,
        height: 83,
      },
      navigateTo: null,
      links: null,
    },
    {
      id: 'aiWorkflowSystem.fastApiBridge',
      parent: 'aiWorkflowSystem',
      level: 1,
      children: [],
      inEdges: [
        'pbl48m',
      ],
      outEdges: [
        'yw6nqx',
        '1eml5b4',
      ],
      title: 'Local FastAPI Bridge',
      modelRef: 'aiWorkflowSystem.fastApiBridge',
      shape: 'browser',
      color: 'secondary',
      style: {
        opacity: 15,
        size: 'md',
      },
      description: {
        md: 'Adapter layer that turns legacy dashboard form behavior into repeatable\nrequest shapes and readback checks.',
      },
      tags: [],
      kind: 'component',
      x: 61,
      y: 659,
      width: 326,
      height: 180,
      labelBBox: {
        x: 22,
        y: 47,
        width: 283,
        height: 83,
      },
      navigateTo: null,
      links: null,
    },
    {
      id: 'aiWorkflowSystem.legacyLaravel',
      parent: 'aiWorkflowSystem',
      level: 1,
      children: [],
      inEdges: [
        'yw6nqx',
      ],
      outEdges: [],
      title: 'Legacy Laravel Dashboard',
      modelRef: 'aiWorkflowSystem.legacyLaravel',
      shape: 'mobile',
      color: 'amber',
      style: {
        opacity: 15,
        size: 'md',
      },
      description: {
        md: 'Existing dashboard surface. The bridge translates behavior here instead\nof pretending the old system disappeared.',
      },
      tags: [],
      kind: 'browser',
      x: 61,
      y: 982,
      width: 327,
      height: 180,
      labelBBox: {
        x: 22,
        y: 47,
        width: 283,
        height: 83,
      },
      navigateTo: null,
      links: null,
    },
    {
      id: 'aiWorkflowSystem.supabaseTruth',
      parent: 'aiWorkflowSystem',
      level: 1,
      children: [],
      inEdges: [
        '1eml5b4',
        'wrky97',
      ],
      outEdges: [],
      title: 'Supabase PostgreSQL',
      modelRef: 'aiWorkflowSystem.supabaseTruth',
      shape: 'storage',
      color: 'green',
      style: {
        opacity: 15,
        size: 'md',
      },
      description: {
        md: 'Source-of-truth layer for appointments, lifecycle events, call log rows,\nand reporting facts.',
      },
      tags: [],
      kind: 'storage',
      x: 499,
      y: 982,
      width: 320,
      height: 180,
      labelBBox: {
        x: 30,
        y: 47,
        width: 261,
        height: 83,
      },
      navigateTo: null,
      links: null,
    },
  ],
  edges: [
    {
      id: '135j7yz',
      source: 'portfolioOperator',
      target: 'aiWorkflowSystem.raycastCommands',
      label: 'triggers workflow action',
      points: [
        [
          220,
          180,
        ],
        [
          220,
          224,
        ],
        [
          220,
          277,
        ],
        [
          220,
          322,
        ],
      ],
      labelBBox: {
        x: 323,
        y: 278,
        width: 150,
        height: 18,
      },
      parent: null,
      relations: [
        '137n1j7',
      ],
      color: 'gray',
      line: 'dashed',
      head: 'normal',
      controlPoints: [
        {
          x: 329,
          y: 269,
        },
      ],
      isLabelCustomized: false,
      navigateTo: null,
      tags: null,
    },
    {
      id: 'pbl48m',
      source: 'aiWorkflowSystem.raycastCommands',
      target: 'aiWorkflowSystem.fastApiBridge',
      label: 'sends command payload',
      points: [
        [
          221,
          516,
        ],
        [
          221,
          557,
        ],
        [
          221,
          606,
        ],
        [
          221,
          649,
        ],
      ],
      labelBBox: {
        x: 222,
        y: 577,
        width: 160,
        height: 18,
      },
      parent: 'aiWorkflowSystem',
      relations: [
        '1fga12n',
      ],
      color: 'gray',
      line: 'dashed',
      head: 'normal',
      controlPoints: [
        {
          x: 221,
          y: 581,
        },
      ],
      isLabelCustomized: false,
      navigateTo: null,
      tags: null,
    },
    {
      id: 'yw6nqx',
      source: 'aiWorkflowSystem.fastApiBridge',
      target: 'aiWorkflowSystem.legacyLaravel',
      label: 'translates dashboard behavior',
      points: [
        [
          204,
          838,
        ],
        [
          201,
          865,
        ],
        [
          199,
          894,
        ],
        [
          201,
          922,
        ],
        [
          202,
          938,
        ],
        [
          204,
          955,
        ],
        [
          206,
          972,
        ],
      ],
      labelBBox: {
        x: 202,
        y: 900,
        width: 192,
        height: 18,
      },
      parent: 'aiWorkflowSystem',
      relations: [
        '1bhri93',
      ],
      color: 'gray',
      line: 'dashed',
      head: 'normal',
      controlPoints: [
        {
          x: 200,
          y: 879,
        },
        {
          x: 205,
          y: 971,
        },
      ],
      isLabelCustomized: false,
      navigateTo: null,
      tags: null,
    },
    {
      id: '1eml5b4',
      source: 'aiWorkflowSystem.fastApiBridge',
      target: 'aiWorkflowSystem.supabaseTruth',
      label: 'writes durable facts',
      points: [
        [
          342,
          839,
        ],
        [
          401,
          881,
        ],
        [
          470,
          932,
        ],
        [
          529,
          976,
        ],
      ],
      labelBBox: {
        x: 454,
        y: 900,
        width: 125,
        height: 18,
      },
      parent: 'aiWorkflowSystem',
      relations: [
        'g86c1r',
      ],
      color: 'gray',
      line: 'dashed',
      head: 'normal',
      controlPoints: [
        {
          x: 435,
          y: 906,
        },
      ],
      isLabelCustomized: false,
      navigateTo: null,
      tags: null,
    },
    {
      id: 'wrky97',
      source: 'aiWorkflowSystem.prospectWeb',
      target: 'aiWorkflowSystem.supabaseTruth',
      label: 'reads cleaned data',
      points: [
        [
          667,
          516,
        ],
        [
          665,
          635,
        ],
        [
          662,
          847,
        ],
        [
          660,
          971,
        ],
      ],
      labelBBox: {
        x: 666,
        y: 738,
        width: 123,
        height: 18,
      },
      parent: 'aiWorkflowSystem',
      relations: [
        'l01u5z',
      ],
      color: 'gray',
      line: 'dashed',
      head: 'normal',
      controlPoints: [
        {
          x: 663,
          y: 767,
        },
      ],
      isLabelCustomized: false,
      navigateTo: null,
      tags: null,
    },
  ],
  _layout: 'manual',
}
