{
  _type: 'element',
  tags: null,
  links: null,
  _stage: 'layouted',
  sourcePath: 'ai-workflow-portfolio.c4',
  description: null,
  title: 'Resume Timeline Map',
  id: 'resume_timeline_map',
  autoLayout: {
    direction: 'LR',
    nodeSep: 32,
    rankSep: 40,
  },
  hash: 'I4V6U4XWCxfCD8Fd7IccLypuBWiNv5azoSD_GAijfGM',
  bounds: {
    x: 350,
    y: -435,
    width: 1731,
    height: 497,
  },
  nodes: [
    {
      id: 'aiWorkflowSystem.resumeTimeline.stetsonStart',
      parent: null,
      level: 0,
      children: [],
      inEdges: [],
      outEdges: [
        'u6n4l6',
      ],
      title: '2012 Stetson',
      modelRef: 'aiWorkflowSystem.resumeTimeline.stetsonStart',
      shape: 'document',
      color: 'blue',
      style: {
        opacity: 15,
        size: 'md',
        border: 'solid',
        iconSize: 'xl',
      },
      description: {
        txt: 'Started the communications path at Stetson.',
      },
      tags: [],
      kind: 'component',
      icon: 'bootstrap:book',
      x: 370,
      y: -405,
      width: 390,
      height: 180,
      labelBBox: {
        x: 61,
        y: 56,
        width: 313,
        height: 65,
      },
      navigateTo: null,
      links: null,
    },
    {
      id: 'aiWorkflowSystem.resumeTimeline.stetsonGrad',
      parent: null,
      level: 0,
      children: [],
      inEdges: [
        'u6n4l6',
      ],
      outEdges: [
        '1altczn',
      ],
      title: '2016 Graduated',
      modelRef: 'aiWorkflowSystem.resumeTimeline.stetsonGrad',
      shape: 'person',
      color: 'green',
      style: {
        opacity: 15,
        size: 'md',
        iconSize: 'xl',
      },
      description: {
        txt: 'Finished the Stetson degree.',
      },
      tags: [],
      kind: 'component',
      icon: 'bootstrap:mortarboard',
      x: 661,
      y: -139,
      width: 345,
      height: 180,
      labelBBox: {
        x: 61,
        y: 65,
        width: 269,
        height: 47,
      },
      navigateTo: null,
      links: null,
    },
    {
      id: 'aiWorkflowSystem.resumeTimeline.spcIt',
      parent: null,
      level: 0,
      children: [],
      inEdges: [
        '1altczn',
      ],
      outEdges: [
        'ct9x0i',
      ],
      title: '2021 SPC / IT',
      modelRef: 'aiWorkflowSystem.resumeTimeline.spcIt',
      shape: 'browser',
      color: 'secondary',
      style: {
        opacity: 15,
        size: 'md',
        iconSize: 'xl',
      },
      description: {
        txt: 'Added computer programming and IT coursework.',
      },
      tags: [],
      kind: 'component',
      icon: 'bootstrap:cpu',
      x: 957,
      y: -415,
      width: 423,
      height: 180,
      labelBBox: {
        x: 71,
        y: 56,
        width: 337,
        height: 65,
      },
      navigateTo: null,
      links: null,
    },
    {
      id: 'aiWorkflowSystem.resumeTimeline.productionSystems',
      parent: null,
      level: 0,
      children: [],
      inEdges: [
        'ct9x0i',
      ],
      outEdges: [
        '1ur30cj',
      ],
      title: '2024 Production Systems',
      modelRef: 'aiWorkflowSystem.resumeTimeline.productionSystems',
      shape: 'mobile',
      color: 'amber',
      style: {
        opacity: 15,
        size: 'md',
        iconSize: 'xl',
      },
      description: {
        txt: 'Built repeatable video, course, and workflow systems.',
      },
      tags: [],
      kind: 'component',
      icon: 'bootstrap:gear-wide-connected',
      x: 1330,
      y: -138,
      width: 405,
      height: 180,
      labelBBox: {
        x: 71,
        y: 56,
        width: 318,
        height: 65,
      },
      navigateTo: null,
      links: null,
    },
    {
      id: 'aiWorkflowSystem.resumeTimeline.aiSpecialistFit',
      parent: null,
      level: 0,
      children: [],
      inEdges: [
        '1ur30cj',
      ],
      outEdges: [],
      title: '2026 AI Specialist Fit',
      modelRef: 'aiWorkflowSystem.resumeTimeline.aiSpecialistFit',
      shape: 'component',
      color: 'red',
      style: {
        opacity: 15,
        size: 'md',
        iconSize: 'xl',
      },
      description: {
        txt: 'Positioned practical AI workflow support around prep, review, and implementation.',
      },
      tags: [],
      kind: 'component',
      icon: 'bootstrap:check2-circle',
      x: 1647,
      y: -408,
      width: 414,
      height: 180,
      labelBBox: {
        x: 81,
        y: 47,
        width: 298,
        height: 83,
      },
      navigateTo: null,
      links: null,
    },
  ],
  edges: [
    {
      id: 'u6n4l6',
      source: 'aiWorkflowSystem.resumeTimeline.stetsonStart',
      target: 'aiWorkflowSystem.resumeTimeline.stetsonGrad',
      label: 'advance',
      points: [
        [
          390,
          90,
        ],
        [
          419,
          90,
        ],
        [
          450,
          90,
        ],
        [
          479,
          90,
        ],
      ],
      labelBBox: {
        x: 623,
        y: -51,
        width: 57,
        height: 18,
      },
      parent: null,
      relations: [
        '6vxttc',
      ],
      color: 'gray',
      line: 'dashed',
      head: 'normal',
      controlPoints: [
        {
          x: 599,
          y: -91,
        },
        {
          x: 649,
          y: -35,
        },
      ],
      isLabelCustomized: false,
      navigateTo: null,
      tags: null,
    },
    {
      id: '1altczn',
      source: 'aiWorkflowSystem.resumeTimeline.stetsonGrad',
      target: 'aiWorkflowSystem.resumeTimeline.spcIt',
      label: 'add',
      points: [
        [
          835,
          90,
        ],
        [
          854,
          90,
        ],
        [
          874,
          90,
        ],
        [
          894,
          90,
        ],
      ],
      labelBBox: {
        x: 916,
        y: -229,
        width: 27,
        height: 18,
      },
      parent: null,
      relations: [
        'wxr1qi',
      ],
      color: 'gray',
      line: 'dashed',
      head: 'normal',
      controlPoints: [
        {
          x: 928,
          y: -244,
        },
      ],
      isLabelCustomized: false,
      navigateTo: null,
      tags: null,
    },
    {
      id: 'ct9x0i',
      source: 'aiWorkflowSystem.resumeTimeline.spcIt',
      target: 'aiWorkflowSystem.resumeTimeline.productionSystems',
      label: 'build',
      points: [
        [
          1307,
          90,
        ],
        [
          1329,
          90,
        ],
        [
          1351,
          90,
        ],
        [
          1373,
          90,
        ],
      ],
      labelBBox: {
        x: 1399,
        y: -228,
        width: 34,
        height: 18,
      },
      parent: null,
      relations: [
        '19jve96',
      ],
      color: 'gray',
      line: 'dashed',
      head: 'normal',
      controlPoints: [
        {
          x: 1399,
          y: -249,
        },
      ],
      isLabelCustomized: false,
      navigateTo: null,
      tags: null,
    },
    {
      id: '1ur30cj',
      source: 'aiWorkflowSystem.resumeTimeline.productionSystems',
      target: 'aiWorkflowSystem.resumeTimeline.aiSpecialistFit',
      label: 'fit',
      points: [
        [
          1768,
          90,
        ],
        [
          1784,
          90,
        ],
        [
          1799,
          90,
        ],
        [
          1815,
          90,
        ],
      ],
      labelBBox: {
        x: 1773,
        y: -173,
        width: 15,
        height: 18,
      },
      parent: null,
      relations: [
        '1dzqg98',
      ],
      color: 'gray',
      line: 'dashed',
      head: 'normal',
      controlPoints: [
        {
          x: 1761,
          y: -157,
        },
      ],
      isLabelCustomized: false,
      navigateTo: null,
      tags: null,
    },
  ],
  _layout: 'manual',
}
