{
  _type: 'element',
  tags: null,
  links: null,
  _stage: 'layouted',
  sourcePath: 'ai-workflow-portfolio.c4',
  description: null,
  title: 'Scouting Coordinator System Map',
  id: 'scouting_coordinator_bucket_map',
  autoLayout: {
    direction: 'LR',
    nodeSep: 120,
    rankSep: 80,
  },
  hash: 'vmTsHodQQztnFtw0zggkXNrD3XvlICzGKxGgnNBBxJ4',
  bounds: {
    x: 369,
    y: -210,
    width: 1575,
    height: 496,
  },
  nodes: [
    {
      id: 'aiWorkflowSystem.scoutingCoordinator.bucket1',
      parent: null,
      level: 0,
      children: [],
      inEdges: [],
      outEdges: [
        'j1k9d5',
      ],
      title: '1. Meetings',
      modelRef: 'aiWorkflowSystem.scoutingCoordinator.bucket1',
      shape: 'person',
      color: 'blue',
      style: {
        opacity: 15,
        size: 'md',
        iconSize: 'xl',
      },
      description: {
        txt: 'Scheduling and confirmation',
      },
      tags: [],
      kind: 'component',
      icon: 'bootstrap:calendar-event',
      x: 389,
      y: -190,
      width: 343,
      height: 180,
      labelBBox: {
        x: 61,
        y: 65,
        width: 266,
        height: 47,
      },
      navigateTo: null,
      links: null,
    },
    {
      id: 'aiWorkflowSystem.scoutingCoordinator.bucket2',
      parent: null,
      level: 0,
      children: [],
      inEdges: [
        'j1k9d5',
      ],
      outEdges: [
        '1wzvdaj',
      ],
      title: '2. Prep',
      modelRef: 'aiWorkflowSystem.scoutingCoordinator.bucket2',
      shape: 'rectangle',
      color: 'amber',
      style: {
        opacity: 15,
        size: 'md',
        iconSize: 'xl',
      },
      description: {
        txt: 'Pre-meeting work',
      },
      tags: [],
      kind: 'component',
      icon: 'bootstrap:clipboard-check',
      x: 693,
      y: 42,
      width: 320,
      height: 180,
      labelBBox: {
        x: 86,
        y: 65,
        width: 194,
        height: 47,
      },
      navigateTo: null,
      links: null,
    },
    {
      id: 'aiWorkflowSystem.scoutingCoordinator.bucket3',
      parent: null,
      level: 0,
      children: [],
      inEdges: [
        '1wzvdaj',
      ],
      outEdges: [
        '1qm3ei5',
      ],
      title: '3. Client Comms',
      modelRef: 'aiWorkflowSystem.scoutingCoordinator.bucket3',
      shape: 'rectangle',
      color: 'green',
      style: {
        opacity: 15,
        size: 'md',
        border: 'none',
        iconSize: 'xl',
      },
      description: {
        txt: 'Messages and calls',
      },
      tags: [],
      kind: 'component',
      icon: 'bootstrap:chat-left-text',
      x: 1038,
      y: -188,
      width: 320,
      height: 180,
      labelBBox: {
        x: 71,
        y: 65,
        width: 224,
        height: 47,
      },
      navigateTo: null,
      links: null,
    },
    {
      id: 'aiWorkflowSystem.scoutingCoordinator.bucket4',
      parent: null,
      level: 0,
      children: [],
      inEdges: [
        '1qm3ei5',
      ],
      outEdges: [
        'ua0w5n',
      ],
      title: '4. Lifecycle',
      modelRef: 'aiWorkflowSystem.scoutingCoordinator.bucket4',
      shape: 'rectangle',
      color: 'secondary',
      style: {
        opacity: 15,
        size: 'md',
        iconSize: 'xl',
      },
      description: {
        txt: 'Stage and reporting truth',
      },
      tags: [],
      kind: 'component',
      icon: 'bootstrap:bar-chart-line',
      x: 1225,
      y: 86,
      width: 320,
      height: 180,
      labelBBox: {
        x: 61,
        y: 65,
        width: 243,
        height: 47,
      },
      navigateTo: null,
      links: null,
    },
    {
      id: 'aiWorkflowSystem.scoutingCoordinator.bucket5',
      parent: null,
      level: 0,
      children: [],
      inEdges: [
        'ua0w5n',
      ],
      outEdges: [],
      title: '5. Outcomes',
      modelRef: 'aiWorkflowSystem.scoutingCoordinator.bucket5',
      shape: 'rectangle',
      color: 'red',
      style: {
        opacity: 15,
        size: 'md',
        iconSize: 'xl',
      },
      description: {
        txt: 'Enrollments and follow-up',
      },
      tags: [],
      kind: 'component',
      icon: 'bootstrap:trophy',
      x: 1598,
      y: -188,
      width: 326,
      height: 180,
      labelBBox: {
        x: 61,
        y: 65,
        width: 249,
        height: 47,
      },
      navigateTo: null,
      links: null,
    },
  ],
  edges: [
    {
      id: 'j1k9d5',
      source: 'aiWorkflowSystem.scoutingCoordinator.bucket1',
      target: 'aiWorkflowSystem.scoutingCoordinator.bucket2',
      label: null,
      points: [
        [
          343,
          90,
        ],
        [
          366,
          90,
        ],
        [
          390,
          90,
        ],
        [
          413,
          90,
        ],
      ],
      labelBBox: null,
      parent: null,
      relations: [
        'pcm0z8',
      ],
      color: 'gray',
      line: 'dashed',
      head: 'normal',
      isLabelCustomized: false,
      controlPoints: [
        {
          x: 623,
          y: 116,
        },
        {
          x: 676,
          y: 120,
        },
      ],
      navigateTo: null,
      tags: null,
    },
    {
      id: '1wzvdaj',
      source: 'aiWorkflowSystem.scoutingCoordinator.bucket2',
      target: 'aiWorkflowSystem.scoutingCoordinator.bucket3',
      label: null,
      points: [
        [
          743,
          90,
        ],
        [
          766,
          90,
        ],
        [
          790,
          90,
        ],
        [
          813,
          90,
        ],
      ],
      labelBBox: null,
      parent: null,
      relations: [
        '1a3gvx5',
      ],
      color: 'gray',
      line: 'dashed',
      head: 'normal',
      isLabelCustomized: false,
      controlPoints: [
        {
          x: 1017,
          y: -80,
        },
      ],
      navigateTo: null,
      tags: null,
    },
    {
      id: '1qm3ei5',
      source: 'aiWorkflowSystem.scoutingCoordinator.bucket3',
      target: 'aiWorkflowSystem.scoutingCoordinator.bucket4',
      label: null,
      points: [
        [
          1143,
          90,
        ],
        [
          1166,
          90,
        ],
        [
          1190,
          90,
        ],
        [
          1213,
          90,
        ],
      ],
      labelBBox: null,
      parent: null,
      relations: [
        '18t1bum',
      ],
      color: 'gray',
      line: 'dashed',
      head: 'normal',
      isLabelCustomized: false,
      controlPoints: [
        {
          x: 1332,
          y: 30,
        },
      ],
      navigateTo: null,
      tags: null,
    },
    {
      id: 'ua0w5n',
      source: 'aiWorkflowSystem.scoutingCoordinator.bucket4',
      target: 'aiWorkflowSystem.scoutingCoordinator.bucket5',
      label: null,
      points: [
        [
          1543,
          90,
        ],
        [
          1566,
          90,
        ],
        [
          1590,
          90,
        ],
        [
          1613,
          90,
        ],
      ],
      labelBBox: null,
      parent: null,
      relations: [
        '1d1lxmo',
      ],
      color: 'gray',
      line: 'dashed',
      head: 'normal',
      isLabelCustomized: false,
      controlPoints: [
        {
          x: 1622,
          y: 93,
        },
      ],
      navigateTo: null,
      tags: null,
    },
  ],
  _layout: 'manual',
}
